tenant tenant_id
definition_version tenant_id
definition_active_pointer tenant_id
intent_instance tenant_id
proposal_revision tenant_id
payload_schema tenant_id
authority_assignment tenant_id
ledger_stream tenant_id
stream_head tenant_id
ledger_event tenant_id
projection_checkpoint tenant_id
outbox tenant_id
external_observation tenant_id
observation_checkpoint tenant_id
aggregate_entity tenant_id
person tenant_id
identity_claim tenant_id
worker tenant_id
employment tenant_id
assignment tenant_id
legal_entity tenant_id
organization_unit tenant_id
job tenant_id
job_position tenant_id
position_occupancy tenant_id
compensation_package tenant_id
compensation_component tenant_id
compensation_band tenant_id
workforce_budget tenant_id
budget_reservation tenant_id
provenance_record tenant_id
workflow_instance tenant_id
workflow_node_execution tenant_id
workflow_continuation tenant_id
workflow_advancement_receipt tenant_id
idempotency_record tenant_id
work_item tenant_id
work_item_transition tenant_id
work_item_decision tenant_id
journey_note tenant_id
journey_worker tenant_id
ledger_hash_chain_link tenant_id
principal tenant_id
authority_source tenant_id
authority_binding tenant_id
authentication_session tenant_id
delegation_grant tenant_id
authorization_policy_snapshot tenant_id
authorization_decision tenant_id
data_access_manifest tenant_id
legal_rule_pack tenant_id
rule_evaluation tenant_id
obligation tenant_id
obligation_binding tenant_id
evidence_artifact tenant_id
evidence_manifest tenant_id
governance_decision_bundle tenant_id
integration_schema_snapshot tenant_id
integration_schema_snapshot_evidence tenant_id
config_object tenant_id
config_object_activation tenant_id
ledger_checkpoint_epoch tenant_id
ledger_checkpoint_stream_head tenant_id
tenant_bootstrap_receipt tenant_id
intent_instance_context tenant_id
hcm_change_request tenant_id
intent_input_snapshot tenant_id
intent_simulation_result tenant_id
proposal_write_item tenant_id
proposal_effect_item tenant_id
proposal_approval_requirement tenant_id
proposal_obligation tenant_id
intent_relationship tenant_id
intent_result tenant_id
intent_decision tenant_id
intent_accepted_action tenant_id
intent_action_plan_binding tenant_id
intent_certificate tenant_id
transaction_plan tenant_id
transaction_plan_effect tenant_id
transaction_plan_binding tenant_id
transaction_commit_receipt tenant_id
transaction_abort_receipt tenant_id
transaction_ambiguity tenant_id
transaction_correction tenant_id
repair_plan tenant_id
intent_closure tenant_id
workflow_frontier_entry tenant_id
workflow_node_output tenant_id
workflow_ready_work tenant_id
workflow_variable tenant_id
workflow_timer tenant_id
workflow_signal_subscription tenant_id
workflow_signal tenant_id
workflow_signal_receipt tenant_id
workflow_lease tenant_id
workflow_checkpoint tenant_id
workflow_child_link tenant_id
work_queue tenant_id
work_queue_item tenant_id
work_item_claim tenant_id
work_item_sla tenant_id
workflow_approval_requirement tenant_id
external_system tenant_id
connector_definition tenant_id
connector_connection tenant_id
mapping_profile tenant_id
integration_provider_receipt tenant_id
workflow_designer_draft tenant_id
workflow_designer_draft_history tenant_id
integration_receipt tenant_id
integration_receipt_item tenant_id
mapping_execution tenant_id
connector_operation tenant_id
connector_operation_attempt tenant_id
external_operation_observation tenant_id
reconciliation_job tenant_id
reconciliation_result tenant_id
message_intent tenant_id
delivery_endpoint tenant_id
recipient_message tenant_id
delivery_attempt tenant_id
delivery_receipt tenant_id
conversation_thread tenant_id
thread_participant tenant_id
document_template tenant_id
document tenant_id
document_version tenant_id
signature_request tenant_id
signature tenant_id
document_artifact_reference tenant_id
processing_purpose_declaration tenant_id
data_copy_inventory tenant_id
data_copy tenant_id
record_declaration tenant_id
legal_hold tenant_id
hold_intersection tenant_id
retention_disposition tenant_id
operational_incident tenant_id
backup_run tenant_id
recovery_run tenant_id
slo_definition tenant_id
slo_observation tenant_id
control_evidence tenant_id
audit_package tenant_id
inbox_record tenant_id
inbox_state_event tenant_id
job_definition tenant_id
job_run tenant_id
job_partition tenant_id
job_checkpoint tenant_id
inbound_message tenant_id
reply_binding tenant_id
search_projection tenant_id
search_projection_event tenant_id
issuer_profile tenant_id
issuer_state_event tenant_id
effect_reconciliation_job tenant_id
trust_session tenant_id
trust_session_evidence tenant_id
oidc_pending_authorization tenant_id
position_reservation tenant_id
position_reservation_event tenant_id
compensation_reservation tenant_id
reservation_event tenant_id
attestation_statement tenant_id
attestation_binding tenant_id
approval_requirement tenant_id
approval_resolution tenant_id
payroll_run tenant_id
payroll_frozen_population tenant_id
payroll_population_amendment tenant_id
labor_rule tenant_id
paygl_accounting_rule tenant_id
paygl_mapping_result tenant_id
work_location_revision tenant_id
worksite_revision tenant_id
accumulator_definition tenant_id
balance_entry tenant_id
balance_lifecycle_entry tenant_id
job_family_revision tenant_id
job_level_revision tenant_id
job_grade_revision tenant_id
job_profile_revision tenant_id
job_architecture_revision tenant_id
workforce_identity tenant_id
account_link tenant_id
entitlement_definition tenant_id
expected_entitlement tenant_id
external_access_observation tenant_id
legal_review_record tenant_id
legal_composition_receipt tenant_id
legal_pipeline_event tenant_id
tenant_placement tenant_id
tenant_provisioning_event tenant_id
government_authorization_profile tenant_id
people_promotion_write_evidence tenant_id
promotion_manager_relationship_evidence tenant_id
promotion_base_pay_evidence tenant_id
promotion_invariant_evaluation tenant_id
consumer_position tenant_id
consumer_dedupe tenant_id
record_copy_link tenant_id
record_copy_event tenant_id
replay_snapshot tenant_id
connector_operation_dispatch_lease tenant_id
connector_operation_resource_order tenant_id
connector_operation_observation_requirement tenant_id
connector_operation_redrive tenant_id
equity_plan_revision tenant_id
equity_grant tenant_id
equity_acceptance_event tenant_id
career_preference_revision tenant_id
target_role_revision tenant_id
development_objective_revision tenant_id
career_assessment_revision tenant_id
commercial_contract_revision tenant_id
entitlement_snapshot tenant_id
partner_installation tenant_id
partner_installation_event tenant_id
partner_data_processing_review tenant_id
fx_rate_source_revision tenant_id
fx_quote_revision tenant_id
fx_conversion_profile_revision tenant_id
mobility_plan tenant_id
mobility_immigration_milestone tenant_id
payinput_definition tenant_id
payinput_worker_assignment tenant_id
paymethod_destination tenant_id
paymethod_bank_detail_change tenant_id
paymethod_verification_event tenant_id
paymethod_change_confirmation tenant_id
paymethod_protected_account tenant_id
paymethod_account_validation tenant_id
settlement_payment_instruction tenant_id
custom_object_definition tenant_id
custom_relationship_definition tenant_id
custom_record_revision tenant_id
performance_cycle tenant_id
performance_rating_case tenant_id
performance_rating_event tenant_id
performance_final_rating tenant_id
performance_calibration_session tenant_id
performance_review tenant_id
performance_outcome_link tenant_id
demand_signal tenant_id
coverage_requirement tenant_id
scenario_revision tenant_id
succession_critical_role tenant_id
succession_readiness_revision tenant_id
succession_slate tenant_id
proofing_session tenant_id
work_authorization_evidence tenant_id
pseudonym_identity tenant_id
pseudonym_escrow_record tenant_id
pseudonym_evidence_record tenant_id
pseudonym_escrow_event tenant_id
data_subject_request tenant_id
data_subject_request_evidence tenant_id
attestation_response tenant_id
reference_dataset_adoption tenant_id
merit_population_snapshot tenant_id
merit_cycle_revision tenant_id
merit_recommendation tenant_id
merit_compensation_intent_emission tenant_id
appointment_requirement tenant_id
resource_type tenant_id
worker_availability tenant_id
time_device_registration tenant_id
asset_inventory tenant_id
asset_custody_event tenant_id
benefit_plan_revision tenant_id
cba_agreement_revision tenant_id
cba_bargaining_unit_revision tenant_id
cba_membership_revision tenant_id
cba_agreement_clause_revision tenant_id
contact_endpoint_revision tenant_id
contact_verification_challenge tenant_id
contact_challenge_event tenant_id
industry_pack_binding tenant_id
knowledge_article_revision tenant_id
knowledge_localized_revision tenant_id
knowledge_lifecycle_event tenant_id
knowledge_activation tenant_id
talent_pool_revision tenant_id
talent_pool_membership_revision tenant_id
er_allegation_revision tenant_id
er_investigation_revision tenant_id
er_interview_revision tenant_id
er_finding_revision tenant_id
er_discipline_revision tenant_id
er_grievance_revision tenant_id
hr_case_revision tenant_id
incentive_plan_revision tenant_id
attainment_observation tenant_id
award_calculation tenant_id
safety_incident_revision tenant_id
safety_injury_revision tenant_id
safety_reportability_revision tenant_id
safety_claim_revision tenant_id
safety_work_restriction_revision tenant_id
safety_corrective_action_revision tenant_id
safety_filing_revision tenant_id
safety_workers_comp_payment_revision tenant_id
safety_restriction_clearance_revision tenant_id
safety_reconciliation_revision tenant_id
safety_correction_revision tenant_id
skill_ontology_revision tenant_id
skill_definition_revision tenant_id
worker_skill_evidence tenant_id
event_subscription tenant_id
subscription_authorization_event tenant_id
security_siem_feed_head tenant_id
security_siem_feed_event tenant_id
survey_question_bank_revision tenant_id
survey_revision tenant_id
survey_campaign_revision tenant_id
survey_campaign_sample tenant_id
survey_launch_record tenant_id
survey_response_record tenant_id
worker_tax_profile_revision tenant_id
tax_registration_revision tenant_id
withholding_election_revision tenant_id
tax_exemption_revision tenant_id
withholding_election_head tenant_id
stepup_proof_log tenant_id
jit_grant tenant_id
jit_evidence_record tenant_id
accessreview_grant tenant_id
accessreview_schedule tenant_id
accessreview_review_record tenant_id
connector_operation_queue tenant_id
connector_operation_journal tenant_id
connector_operation_credential_lease tenant_id
tenant_appearance_preference tenant_id
user_presentation_preference tenant_id
workflow_signal_disposition tenant_id
telemetry_copy_inventory tenant_id
organization_worker_id_policy tenant_id
worker_id_reservation tenant_id
organization_visibility_preference tenant_id
access_role tenant_id
role_organization_visibility tenant_id
worker_access_role_assignment tenant_id
worker_access_role_set tenant_id
role_page_permission tenant_id
role_page_feature_permission tenant_id
access_role_revision tenant_id
promotion_threshold_decision tenant_id
cycle_restatement tenant_id
operation tenant_id
job_checkpoint_trace_link tenant_id
legal_evaluation_receipt tenant_id
legal_evaluation_binding tenant_id
conflict_write_intent tenant_id
conflict_write_footprint tenant_id
conflict_scope_fence tenant_id
ledger_payload_disposition tenant_id
promotion_invalidation_sequence tenant_id
promotion_target_position_guard tenant_id
promotion_active_intent_guard tenant_id
admission_retry_budget tenant_id
admission_retry_receipt tenant_id
operation_cancel tenant_id
leave_request tenant_id
leave_record tenant_id
leave_program_eligibility tenant_id
leave_entitlement_segment tenant_id
leave_absence_link tenant_id
leave_availability_revision tenant_id
leave_balance_posting tenant_id
leave_evidence_ref tenant_id
leave_work_restriction tenant_id
leave_obligation tenant_id
leave_intent_link tenant_id
leave_medical_detail tenant_id
legal_hold_notice tenant_id
legal_hold_acknowledgement tenant_id
operator_control_receipt tenant_id
workflow_execution_context tenant_id
workflow_execution_fingerprint tenant_id
workflow_variable_revision tenant_id
workflow_quarantined_work tenant_id
workflow_node_input_artifact tenant_id
workflow_input_artifact tenant_id
workflow_node_output_artifact tenant_id
workflow_execution_delegation tenant_id
workflow_cancellation_decision tenant_id
workflow_approval_withdrawal tenant_id
capability_invocation_evidence tenant_id
workflow_intervention_decision tenant_id
operator_bypass_obligation tenant_id
workflow_effect_role_settlement tenant_id
workflow_repair_execution_record tenant_id
promotion_approval_governance tenant_id
promotion_path_edge tenant_id
machine_client tenant_id
machine_client_key tenant_id
machine_token_use tenant_id
idempotency_key tenant_id
page_definition_revision tenant_id
page_rollout tenant_id
page_rollout_event tenant_id
page_retirement tenant_id
workflow_definition_compilation tenant_id
workflow_compensation_event tenant_id
workflow_compensation_operation tenant_id
workflow_compensation_operation_history tenant_id
sending_domain_profile tenant_id
workflow_executable_payload tenant_id
configbundle_kill_switch tenant_id
industry_pack_publication tenant_id
industry_pack_activation tenant_id
intelligence_metric_publication tenant_id
ledger_invariant_scan_state tenant_id
ledger_invariant_scan_observation tenant_id
ledger_invariant_scan_cursor tenant_id
ledger_invariant_repair_work tenant_id
performance_participant_reviewer_graph tenant_id
schedopt_self_service_state tenant_id
schedopt_self_service_offer tenant_id
activated_translation_catalog_revision tenant_id
activated_translation_catalog_event tenant_id
tenant_parameter_value_revision tenant_id
dataops_import_batch tenant_id
dataops_diagnostic_artifact tenant_id
published_connector_definition tenant_id
schedopt_published_schedule_revision tenant_id
schedopt_published_schedule_current tenant_id
platform_idempotency_record tenant_id
form_draft tenant_id
integration_webhook_receipt tenant_id
integration_webhook_outbox tenant_id
