accumulator_definition append_only=true retention=PERMANENT
appointment_requirement append_only=true retention=PERMANENT
coverage_requirement append_only=true retention=PERMANENT
demand_signal append_only=true retention=PERMANENT
leave_availability_revision append_only=true retention=PERMANENT
legal_rule_pack append_only=true retention=PERMANENT
operator_bypass_obligation append_only=false retention=OPERATIONAL
payroll_frozen_population append_only=true retention=PERMANENT
payroll_run append_only=true retention=PERMANENT
performance_calibration_session append_only=true retention=PERMANENT
performance_cycle append_only=true retention=PERMANENT
performance_final_rating append_only=true retention=PERMANENT
performance_outcome_link append_only=true retention=PERMANENT
performance_rating_case append_only=false retention=OPERATIONAL
performance_review append_only=true retention=PERMANENT
record_copy_link append_only=false retention=OPERATIONAL
resource_type append_only=true retention=PERMANENT
scenario_revision append_only=true retention=PERMANENT
succession_critical_role append_only=true retention=PERMANENT
succession_readiness_revision append_only=true retention=PERMANENT
succession_slate append_only=true retention=PERMANENT
time_device_registration append_only=true retention=PERMANENT
workflow_compiled_version append_only=false retention=PERMANENT
