adequacy:AD :: adequacy :: Commission Decision 2010/625/EU (Andorra)
adequacy:AR :: adequacy :: Commission Decision 2003/490/EC (Argentina)
adequacy:CA :: adequacy :: Commission Decision 2002/2/EC (Canada, commercial organisations)
adequacy:CH :: adequacy :: Commission Decision 2000/518/EC (Switzerland)
adequacy:FO :: adequacy :: Commission Decision 2010/146/EU (Faroe Islands)
adequacy:GB :: adequacy :: Commission Implementing Decision (EU) 2021/1772 (United Kingdom)
adequacy:GG :: adequacy :: Commission Decision 2003/79/EC (Guernsey)
adequacy:IL :: adequacy :: Commission Decision 2011/61/EU (Israel)
adequacy:IM :: adequacy :: Commission Decision 2004/411/EC (Isle of Man)
adequacy:JE :: adequacy :: Commission Decision 2008/393/EC (Jersey)
adequacy:JP :: adequacy :: Commission Implementing Decision (EU) 2019/419 (Japan)
adequacy:KR :: adequacy :: Commission Implementing Decision (EU) 2021/1289 (South Korea)
adequacy:NZ :: adequacy :: Commission Implementing Decision (EU) 2022/2291 (New Zealand)
adequacy:US :: adequacy :: Commission Implementing Decision (EU) 2023/1795 (EU-US Data Privacy Framework)
adequacy:UY :: adequacy :: Commission Decision 2012/484/EU (Uruguay)
bcr :: bcr :: Binding Corporate Rules (Article 47 GDPR)
scc:module-one :: scc :: 2021/914 Module One (controller to controller)
scc:module-three :: scc :: 2021/914 Module Three (processor to processor)
scc:module-two :: scc :: 2021/914 Module Two (controller to processor)
uk-extension :: uk-extension :: UK Extension to the EU-US Data Privacy Framework
uk-idta :: uk-extension :: UK International Data Transfer Agreement