revision: 2026-09-28.1
FIRST_PARTY_BROWSER|HTTPS|SESSION_TOKEN|HIGH|PIN,BADGE,QR|0s|true|HCM Next first-party browser clock|PILOT
MANAGED_TABLET_KIOSK|HTTPS|MDM_MANAGED_APP|HIGH|PIN,BADGE,QR,FACE|8h|true|HCM Next reference tablet kiosk|PILOT
DEVICE_PUSH_HTTP_HARDWARE|HTTPS_PUSH|DEVICE_CERT|MEDIUM|BADGE,FINGERPRINT|24h|true|ZKTeco PUSH/ADMS|FIRST_HARDWARE_TARGET
SERVER_PULL_VENDOR_API|HTTPS_REST_AND_WEBHOOK|OAUTH2_CLIENT_CREDENTIALS_AND_SIGNED_WEBHOOK|MEDIUM|PIN,BADGE,QR,FINGERPRINT|0s|false|UKG Developer Hub REST and webhooks|PARTNER_TARGETS
SFTP_BATCH_FILE|SFTP|SSH_KEY|LOW|BADGE|168h|false|Acroprint timeQplus export|DEFERRED
THIRD_PARTY_TIME_APP|HTTPS_WEBHOOK|SIGNED_WEBHOOK|MEDIUM|PIN,QR|0s|false|Accu-Time Systems TimeCom middleware|PARTNERSHIP_INQUIRY
partners:
ZKTeco PUSH/ADMS|SELECTED_FIRST_HARDWARE
UKG Developer Hub REST and webhooks|SELECTED_INTEGRATION_PATH
Suprema BioStar 2 T&A API|NEXT_VENDOR_API_TARGET
Paychex Time API|PAYROLL_HANDOFF_TARGET
Anviz CrossChex Cloud|ALTERNATE_VENDOR_API_TARGET
Accu-Time Systems TimeCom|PARTNERSHIP_INQUIRY
