payroll|PayrollRun/v1|payroll_run|PAYROLL_PROCESSOR|EXTERNAL_MASTERED|authority.payroll_external/v1|sha256:e1aae06f9c86326f97b8e5daccab110be4075881f8f7f63f0e3dc99a772850f6
payroll|PayrollLedgerEntry/v1|payroll_ledger_entry|PAYROLL_PROCESSOR|EXTERNAL_MASTERED|authority.payroll_external/v1|sha256:e1aae06f9c86326f97b8e5daccab110be4075881f8f7f63f0e3dc99a772850f6
benefits|BenefitElection/v1|benefit_election|BENEFITS_ADMINISTRATOR|EXTERNAL_MASTERED|authority.benefits_external/v1|sha256:e1aae06f9c86326f97b8e5daccab110be4075881f8f7f63f0e3dc99a772850f6
benefits|BenefitElectionRevision/v1|benefit_election_revision|BENEFITS_ADMINISTRATOR|EXTERNAL_MASTERED|authority.benefits_external/v1|sha256:e1aae06f9c86326f97b8e5daccab110be4075881f8f7f63f0e3dc99a772850f6
time|Timecard/v1|timecard|TIMEKEEPING_SYSTEM|EXTERNAL_MASTERED|authority.time_external/v1|sha256:e1aae06f9c86326f97b8e5daccab110be4075881f8f7f63f0e3dc99a772850f6
time|TimecardRevision/v1|timecard_revision|TIMEKEEPING_SYSTEM|EXTERNAL_MASTERED|authority.time_external/v1|sha256:e1aae06f9c86326f97b8e5daccab110be4075881f8f7f63f0e3dc99a772850f6
leave|LeaveRequest/v1|leave_request|LEAVE_PLATFORM|NATIVE_DEFERRED|authority.leave_native_deferred/v1|sha256:e1aae06f9c86326f97b8e5daccab110be4075881f8f7f63f0e3dc99a772850f6
leave|LeaveRecord/v1|leave_record|LEAVE_PLATFORM|NATIVE_DEFERRED|authority.leave_native_deferred/v1|sha256:e1aae06f9c86326f97b8e5daccab110be4075881f8f7f63f0e3dc99a772850f6
recruiting|Requisition/v1|requisition|APPLICANT_TRACKING_SYSTEM|EXTERNAL_MASTERED|authority.recruiting_external/v1|sha256:e1aae06f9c86326f97b8e5daccab110be4075881f8f7f63f0e3dc99a772850f6
recruiting|RequisitionRevision/v1|requisition_revision|APPLICANT_TRACKING_SYSTEM|EXTERNAL_MASTERED|authority.recruiting_external/v1|sha256:e1aae06f9c86326f97b8e5daccab110be4075881f8f7f63f0e3dc99a772850f6
talent|PerformanceReview/v1|performance_review|TALENT_PLATFORM|NATIVE_DEFERRED|authority.talent_native_deferred/v1|sha256:e1aae06f9c86326f97b8e5daccab110be4075881f8f7f63f0e3dc99a772850f6
talent|PerformanceReviewRevision/v1|performance_review_revision|TALENT_PLATFORM|NATIVE_DEFERRED|authority.talent_native_deferred/v1|sha256:e1aae06f9c86326f97b8e5daccab110be4075881f8f7f63f0e3dc99a772850f6
learning|LearningEnrollment/v1|learning_enrollment|LEARNING_MANAGEMENT_SYSTEM|EXTERNAL_MASTERED|authority.learning_external/v1|sha256:e1aae06f9c86326f97b8e5daccab110be4075881f8f7f63f0e3dc99a772850f6
learning|LearningCompletion/v1|learning_completion|LEARNING_MANAGEMENT_SYSTEM|EXTERNAL_MASTERED|authority.learning_external/v1|sha256:e1aae06f9c86326f97b8e5daccab110be4075881f8f7f63f0e3dc99a772850f6
case|Case/v1|hr_case|CASE_MANAGEMENT_SYSTEM|NATIVE_DEFERRED|authority.case_native_deferred/v1|sha256:e1aae06f9c86326f97b8e5daccab110be4075881f8f7f63f0e3dc99a772850f6
case|CaseTransition/v1|case_transition|CASE_MANAGEMENT_SYSTEM|NATIVE_DEFERRED|authority.case_native_deferred/v1|sha256:e1aae06f9c86326f97b8e5daccab110be4075881f8f7f63f0e3dc99a772850f6
access|AccessGrant/v1|access_grant|IDENTITY_ACCESS_SYSTEM|EXTERNAL_MASTERED|authority.access_external/v1|sha256:e1aae06f9c86326f97b8e5daccab110be4075881f8f7f63f0e3dc99a772850f6
access|AccessOperation/v1|access_operation|IDENTITY_ACCESS_SYSTEM|EXTERNAL_MASTERED|authority.access_external/v1|sha256:e1aae06f9c86326f97b8e5daccab110be4075881f8f7f63f0e3dc99a772850f6
regulatory|GovernmentFiling/v1|government_filing|REGULATORY_AUTHORITY|EXTERNAL_MASTERED|authority.regulatory_external/v1|sha256:e1aae06f9c86326f97b8e5daccab110be4075881f8f7f63f0e3dc99a772850f6
regulatory|FilingSubmissionAttempt/v1|filing_submission_attempt|REGULATORY_AUTHORITY|EXTERNAL_MASTERED|authority.regulatory_external/v1|sha256:e1aae06f9c86326f97b8e5daccab110be4075881f8f7f63f0e3dc99a772850f6
