node build_proposal (TRANSFORM)
  COMPILED_PLAN=<compiled plan digest>
  COMPILER=hcmnext.workflow.compiler/v1
  MAPPING=transforms.promotion.build_proposal@v1
  POLICY=dam.promotion.simulation/v1
  POLICY=policy.workflow.cancellation.simulation/v1
  POLICY=policy.workflow.failure.simulation/v1
  POLICY=policy.workflow.migration.pinned/v1
  POLICY=policy.workflow.retention.hr-simulation/v1
  RUNTIME=hcmnext.workflow.runtime/v1
  SCHEMA=PromotionProposal/v1@v1
  SCHEMA=PromotionProposalDraft/v1@v1
  WORKFLOW=hcmnext.workflows.promote_into_management@v1
node end_degraded (END)
  COMPILED_PLAN=<compiled plan digest>
  COMPILER=hcmnext.workflow.compiler/v1
  POLICY=dam.promotion.simulation/v1
  POLICY=obligation.simulation_evidence_retained
  POLICY=policy.workflow.cancellation.simulation/v1
  POLICY=policy.workflow.failure.simulation/v1
  POLICY=policy.workflow.migration.pinned/v1
  POLICY=policy.workflow.retention.hr-simulation/v1
  RUNTIME=hcmnext.workflow.runtime/v1
  WORKFLOW=hcmnext.workflows.promote_into_management@v1
node end_rejected (END)
  COMPILED_PLAN=<compiled plan digest>
  COMPILER=hcmnext.workflow.compiler/v1
  POLICY=dam.promotion.simulation/v1
  POLICY=obligation.simulation_evidence_retained
  POLICY=policy.workflow.cancellation.simulation/v1
  POLICY=policy.workflow.failure.simulation/v1
  POLICY=policy.workflow.migration.pinned/v1
  POLICY=policy.workflow.retention.hr-simulation/v1
  RUNTIME=hcmnext.workflow.runtime/v1
  WORKFLOW=hcmnext.workflows.promote_into_management@v1
node end_requires_finance_approval (END)
  COMPILED_PLAN=<compiled plan digest>
  COMPILER=hcmnext.workflow.compiler/v1
  POLICY=approval.current_manager
  POLICY=approval.finance_partner
  POLICY=dam.promotion.simulation/v1
  POLICY=obligation.finance_partner_approval
  POLICY=obligation.simulation_evidence_retained
  POLICY=policy.workflow.cancellation.simulation/v1
  POLICY=policy.workflow.failure.simulation/v1
  POLICY=policy.workflow.migration.pinned/v1
  POLICY=policy.workflow.retention.hr-simulation/v1
  RUNTIME=hcmnext.workflow.runtime/v1
  WORKFLOW=hcmnext.workflows.promote_into_management@v1
node end_simulated_consistent (END)
  COMPILED_PLAN=<compiled plan digest>
  COMPILER=hcmnext.workflow.compiler/v1
  POLICY=approval.current_manager
  POLICY=dam.promotion.simulation/v1
  POLICY=obligation.simulation_evidence_retained
  POLICY=policy.workflow.cancellation.simulation/v1
  POLICY=policy.workflow.failure.simulation/v1
  POLICY=policy.workflow.migration.pinned/v1
  POLICY=policy.workflow.retention.hr-simulation/v1
  RUNTIME=hcmnext.workflow.runtime/v1
  WORKFLOW=hcmnext.workflows.promote_into_management@v1
node end_unknown (END)
  COMPILED_PLAN=<compiled plan digest>
  COMPILER=hcmnext.workflow.compiler/v1
  POLICY=dam.promotion.simulation/v1
  POLICY=obligation.simulation_evidence_retained
  POLICY=policy.workflow.cancellation.simulation/v1
  POLICY=policy.workflow.failure.simulation/v1
  POLICY=policy.workflow.migration.pinned/v1
  POLICY=policy.workflow.retention.hr-simulation/v1
  RUNTIME=hcmnext.workflow.runtime/v1
  WORKFLOW=hcmnext.workflows.promote_into_management@v1
node evaluate_band (CAPABILITY)
  CAPABILITY=hcmnext.rewards.evaluate_pay_band_position@v1
  CAPABILITY_MANIFEST=55da0516698631364fbeb9cb4cfff0fba44e02569e6a34bbb1abbaca71bd827f
  COMPILED_PLAN=<compiled plan digest>
  COMPILER=hcmnext.workflow.compiler/v1
  POLICY=dam.promotion.simulation/v1
  POLICY=idempotency.read-safe.v1
  POLICY=policy.workflow.cancellation.simulation/v1
  POLICY=policy.workflow.failure.simulation/v1
  POLICY=policy.workflow.migration.pinned/v1
  POLICY=policy.workflow.retention.hr-simulation/v1
  POLICY=scope:rewards.read
  RUNTIME=hcmnext.workflow.runtime/v1
  SCHEMA=hcmnext.rewards.evaluate_pay_band_position.request/v1@v1
  SCHEMA=hcmnext.rewards.evaluate_pay_band_position.response/v1@v1
  WORKFLOW=hcmnext.workflows.promote_into_management@v1
node observe_projection (OBSERVE)
  CAPABILITY=hcmnext.operations.detect_drift@v1
  CAPABILITY_MANIFEST=7f8de517ff1fc639fe405b8b18676e0c0566f38446509e5e5f15e137597fd806
  COMPILED_PLAN=<compiled plan digest>
  COMPILER=hcmnext.workflow.compiler/v1
  POLICY=dam.promotion.simulation/v1
  POLICY=idempotency.read-safe.v1
  POLICY=policy.retry.observation.bounded/v1
  POLICY=policy.workflow.cancellation.simulation/v1
  POLICY=policy.workflow.failure.simulation/v1
  POLICY=policy.workflow.migration.pinned/v1
  POLICY=policy.workflow.retention.hr-simulation/v1
  POLICY=scope:operations.read
  RUNTIME=hcmnext.workflow.runtime/v1
  SCHEMA=hcmnext.operations.detect_drift.request/v1@v1
  SCHEMA=hcmnext.operations.detect_drift.response/v1@v1
  WORKFLOW=hcmnext.workflows.promote_into_management@v1
node raise_threshold (DECISION)
  COMPILED_PLAN=<compiled plan digest>
  COMPILER=hcmnext.workflow.compiler/v1
  EVALUATOR=engines.decisiontable@v1
  POLICY=dam.promotion.simulation/v1
  POLICY=policy.workflow.cancellation.simulation/v1
  POLICY=policy.workflow.failure.simulation/v1
  POLICY=policy.workflow.migration.pinned/v1
  POLICY=policy.workflow.retention.hr-simulation/v1
  RULE=rules.compensation.raise_threshold/v3
  RUNTIME=hcmnext.workflow.runtime/v1
  SCHEMA=RaiseThresholdInput/v1@v1
  SCHEMA=RaiseThresholdResult/v1@v1
  WORKFLOW=hcmnext.workflows.promote_into_management@v1
node simulate_compensation (CAPABILITY)
  CAPABILITY=hcmnext.rewards.simulate_compensation@v1
  CAPABILITY_MANIFEST=cc2f422950e793c5e72f9b83c4d22d32808b2d6f129590d6712e4fee07384677
  COMPILED_PLAN=<compiled plan digest>
  COMPILER=hcmnext.workflow.compiler/v1
  POLICY=dam.promotion.simulation/v1
  POLICY=idempotency.read-safe.v1
  POLICY=obligation.regulatory_manager_training
  POLICY=policy.workflow.cancellation.simulation/v1
  POLICY=policy.workflow.failure.simulation/v1
  POLICY=policy.workflow.migration.pinned/v1
  POLICY=policy.workflow.retention.hr-simulation/v1
  POLICY=scope:rewards.read
  RUNTIME=hcmnext.workflow.runtime/v1
  SCHEMA=hcmnext.rewards.simulate_compensation.request/v1@v1
  SCHEMA=hcmnext.rewards.simulate_compensation.response/v1@v1
  WORKFLOW=hcmnext.workflows.promote_into_management@v1
node snapshot_worker (CAPABILITY)
  CAPABILITY=hcmnext.people.explain_worker_state@v1
  CAPABILITY_MANIFEST=c3e755f3ed1692b50ca1e0710109bb40498f1e3e5e491d8c4b0e1ad2d7ce656b
  COMPILED_PLAN=<compiled plan digest>
  COMPILER=hcmnext.workflow.compiler/v1
  POLICY=dam.promotion.simulation/v1
  POLICY=idempotency.read-safe.v1
  POLICY=policy.workflow.cancellation.simulation/v1
  POLICY=policy.workflow.failure.simulation/v1
  POLICY=policy.workflow.migration.pinned/v1
  POLICY=policy.workflow.retention.hr-simulation/v1
  POLICY=scope:people.read
  RUNTIME=hcmnext.workflow.runtime/v1
  SCHEMA=hcmnext.people.explain_worker_state.request/v1@v1
  SCHEMA=hcmnext.people.explain_worker_state.response/v1@v1
  WORKFLOW=hcmnext.workflows.promote_into_management@v1
