hcmnext.intents.v1.IntentService/CancelIntent|caps=hcmnext.intelligence.explain_transaction,hcmnext.operations.create_repair_plan,hcmnext.operations.detect_drift,hcmnext.operations.simulate_repair,hcmnext.people.explain_worker_state,hcmnext.people.promote_worker,hcmnext.rewards.evaluate_pay_band_position,hcmnext.rewards.simulate_compensation|intents=hcmnext.intelligence.explain_transaction/v1,hcmnext.operations.create_repair_plan/v1,hcmnext.operations.detect_drift/v1,hcmnext.operations.simulate_repair/v1,hcmnext.people.explain_worker_state/v1,hcmnext.people.promote_worker/v1,hcmnext.rewards.evaluate_pay_band_position/v1,hcmnext.rewards.simulate_compensation/v1
hcmnext.intents.v1.IntentService/CreateIntent|caps=hcmnext.intelligence.explain_transaction,hcmnext.operations.create_repair_plan,hcmnext.operations.detect_drift,hcmnext.operations.simulate_repair,hcmnext.people.explain_worker_state,hcmnext.people.promote_worker,hcmnext.rewards.evaluate_pay_band_position,hcmnext.rewards.simulate_compensation|intents=hcmnext.intelligence.explain_transaction/v1,hcmnext.operations.create_repair_plan/v1,hcmnext.operations.detect_drift/v1,hcmnext.operations.simulate_repair/v1,hcmnext.people.explain_worker_state/v1,hcmnext.people.promote_worker/v1,hcmnext.rewards.evaluate_pay_band_position/v1,hcmnext.rewards.simulate_compensation/v1
hcmnext.intents.v1.IntentService/ExecuteIntent|caps=hcmnext.intelligence.explain_transaction,hcmnext.operations.create_repair_plan,hcmnext.operations.detect_drift,hcmnext.operations.simulate_repair,hcmnext.people.explain_worker_state,hcmnext.people.promote_worker,hcmnext.rewards.evaluate_pay_band_position,hcmnext.rewards.simulate_compensation|intents=
hcmnext.intents.v1.IntentService/ExplainIntent|caps=hcmnext.intelligence.explain_transaction,hcmnext.operations.create_repair_plan,hcmnext.operations.detect_drift,hcmnext.operations.simulate_repair,hcmnext.people.explain_worker_state,hcmnext.people.promote_worker,hcmnext.rewards.evaluate_pay_band_position,hcmnext.rewards.simulate_compensation|intents=hcmnext.intelligence.explain_transaction/v1,hcmnext.operations.create_repair_plan/v1,hcmnext.operations.detect_drift/v1,hcmnext.operations.simulate_repair/v1,hcmnext.people.explain_worker_state/v1,hcmnext.people.promote_worker/v1,hcmnext.rewards.evaluate_pay_band_position/v1,hcmnext.rewards.simulate_compensation/v1
hcmnext.intents.v1.IntentService/GetIntent|caps=hcmnext.intelligence.explain_transaction,hcmnext.operations.create_repair_plan,hcmnext.operations.detect_drift,hcmnext.operations.simulate_repair,hcmnext.people.explain_worker_state,hcmnext.people.promote_worker,hcmnext.rewards.evaluate_pay_band_position,hcmnext.rewards.simulate_compensation|intents=hcmnext.intelligence.explain_transaction/v1,hcmnext.operations.create_repair_plan/v1,hcmnext.operations.detect_drift/v1,hcmnext.operations.simulate_repair/v1,hcmnext.people.explain_worker_state/v1,hcmnext.people.promote_worker/v1,hcmnext.rewards.evaluate_pay_band_position/v1,hcmnext.rewards.simulate_compensation/v1
hcmnext.intents.v1.IntentService/ListIntentTimeline|caps=hcmnext.intelligence.explain_transaction,hcmnext.operations.create_repair_plan,hcmnext.operations.detect_drift,hcmnext.operations.simulate_repair,hcmnext.people.explain_worker_state,hcmnext.people.promote_worker,hcmnext.rewards.evaluate_pay_band_position,hcmnext.rewards.simulate_compensation|intents=hcmnext.intelligence.explain_transaction/v1,hcmnext.operations.create_repair_plan/v1,hcmnext.operations.detect_drift/v1,hcmnext.operations.simulate_repair/v1,hcmnext.people.explain_worker_state/v1,hcmnext.people.promote_worker/v1,hcmnext.rewards.evaluate_pay_band_position/v1,hcmnext.rewards.simulate_compensation/v1
hcmnext.intents.v1.IntentService/ListIntents|caps=hcmnext.intelligence.explain_transaction,hcmnext.operations.create_repair_plan,hcmnext.operations.detect_drift,hcmnext.operations.simulate_repair,hcmnext.people.explain_worker_state,hcmnext.people.promote_worker,hcmnext.rewards.evaluate_pay_band_position,hcmnext.rewards.simulate_compensation|intents=hcmnext.intelligence.explain_transaction/v1,hcmnext.operations.create_repair_plan/v1,hcmnext.operations.detect_drift/v1,hcmnext.operations.simulate_repair/v1,hcmnext.people.explain_worker_state/v1,hcmnext.people.promote_worker/v1,hcmnext.rewards.evaluate_pay_band_position/v1,hcmnext.rewards.simulate_compensation/v1
hcmnext.intents.v1.IntentService/SimulateIntent|caps=hcmnext.intelligence.explain_transaction,hcmnext.operations.create_repair_plan,hcmnext.operations.detect_drift,hcmnext.operations.simulate_repair,hcmnext.people.explain_worker_state,hcmnext.people.promote_worker,hcmnext.rewards.evaluate_pay_band_position,hcmnext.rewards.simulate_compensation|intents=hcmnext.intelligence.explain_transaction/v1,hcmnext.operations.create_repair_plan/v1,hcmnext.operations.detect_drift/v1,hcmnext.operations.simulate_repair/v1,hcmnext.people.explain_worker_state/v1,hcmnext.people.promote_worker/v1,hcmnext.rewards.evaluate_pay_band_position/v1,hcmnext.rewards.simulate_compensation/v1
hcmnext.intents.v1.IntentService/SubmitIntent|caps=hcmnext.intelligence.explain_transaction,hcmnext.operations.create_repair_plan,hcmnext.operations.detect_drift,hcmnext.operations.simulate_repair,hcmnext.people.explain_worker_state,hcmnext.people.promote_worker,hcmnext.rewards.evaluate_pay_band_position,hcmnext.rewards.simulate_compensation|intents=hcmnext.intelligence.explain_transaction/v1,hcmnext.operations.create_repair_plan/v1,hcmnext.operations.detect_drift/v1,hcmnext.operations.simulate_repair/v1,hcmnext.people.explain_worker_state/v1,hcmnext.people.promote_worker/v1,hcmnext.rewards.evaluate_pay_band_position/v1,hcmnext.rewards.simulate_compensation/v1
hcmnext.intents.v1.IntentService/SupersedeIntent|caps=hcmnext.intelligence.explain_transaction,hcmnext.operations.create_repair_plan,hcmnext.operations.detect_drift,hcmnext.operations.simulate_repair,hcmnext.people.explain_worker_state,hcmnext.people.promote_worker,hcmnext.rewards.evaluate_pay_band_position,hcmnext.rewards.simulate_compensation|intents=hcmnext.intelligence.explain_transaction/v1,hcmnext.operations.create_repair_plan/v1,hcmnext.operations.detect_drift/v1,hcmnext.operations.simulate_repair/v1,hcmnext.people.explain_worker_state/v1,hcmnext.people.promote_worker/v1,hcmnext.rewards.evaluate_pay_band_position/v1,hcmnext.rewards.simulate_compensation/v1
hcmnext.registry.v1.RegistryService/GetCapability|caps=hcmnext.registry.explain_capability|intents=
hcmnext.registry.v1.RegistryService/GetIntentDefinition|caps=hcmnext.registry.explain_capability|intents=hcmnext.intelligence.explain_transaction/v1,hcmnext.operations.create_repair_plan/v1,hcmnext.operations.detect_drift/v1,hcmnext.operations.simulate_repair/v1,hcmnext.people.change_manager/v1,hcmnext.people.explain_worker_state/v1,hcmnext.people.promote_worker/v1,hcmnext.rewards.change_base_pay/v1,hcmnext.rewards.evaluate_pay_band_position/v1,hcmnext.rewards.release_compensation_budget/v1,hcmnext.rewards.reserve_compensation_budget/v1,hcmnext.rewards.simulate_compensation/v1,hcmnext.work.approve_proposal/v1,hcmnext.work.reject_proposal/v1
hcmnext.registry.v1.RegistryService/ListCapabilities|caps=hcmnext.registry.resolve_capability|intents=
hcmnext.registry.v1.RegistryService/ListIntentDefinitions|caps=hcmnext.registry.resolve_capability|intents=hcmnext.intelligence.explain_transaction/v1,hcmnext.operations.create_repair_plan/v1,hcmnext.operations.detect_drift/v1,hcmnext.operations.simulate_repair/v1,hcmnext.people.change_manager/v1,hcmnext.people.explain_worker_state/v1,hcmnext.people.promote_worker/v1,hcmnext.rewards.change_base_pay/v1,hcmnext.rewards.evaluate_pay_band_position/v1,hcmnext.rewards.release_compensation_budget/v1,hcmnext.rewards.reserve_compensation_budget/v1,hcmnext.rewards.simulate_compensation/v1,hcmnext.work.approve_proposal/v1,hcmnext.work.reject_proposal/v1
