REV-103-01: R-900: UNREACHABLE_RUNTIME: ticked runtime todo names only packages no binary reaches (owner=TEST_OWNER; capability=RUNTIME; packages=internal/domains/leave)
REV-103-01: R-901: UNREACHABLE_RUNTIME: ticked runtime todo names only packages no binary reaches (owner=TEST_OWNER; capability=RUNTIME; packages=internal/engines/eligibility)
