200% zoom and 400% reflow :: 1.4.4 Resize Text; 1.4.10 Reflow :: AA :: Supports
Accessible authorization projection :: 3.3.8 Accessible Authentication :: AA :: Does Not Support
Focus order and accessible names :: 2.4.3 Focus Order; 4.1.2 Name, Role, Value :: A :: Supports
Reduced motion :: 2.3.3 Animation from Interactions :: AAA :: Not Evaluated