workflow=hcmnext.workflows.leave_and_return
path=read_employment_and_authority,resolve_leave_programs,evidence_review_decision,build_leave_proposal,observe_benefits_continuation,resolve_return_readiness,readiness_return_decision,end_pending_obligations
terminal=LEAVE_SIMULATION_PENDING_OBLIGATIONS
obligations=obligation.leave.payroll_effect,obligation.leave.benefits_recovery,obligation.leave.notice_and_evidence,obligation.leave.records_retention_hold
lifecycle=SIMULATED/NOT_PLANNED/NOT_STARTED/PENDING_OBSERVATION/PENDING
plan=ac8140f536e2293f446750f16e80433dd672ce5357dc0a2fe50eb6d4de82912d
digest=b6c34debaa5838b6a032ab8b36dd4fa4637043443c7cebea7cb974ad293c5719
