workflow=hcmnext.workflows.leave_and_return
path=read_employment_and_authority,resolve_leave_programs,evidence_review_decision,build_leave_proposal,observe_benefits_continuation,resolve_return_readiness,readiness_return_decision,end_pending_obligations
terminal=LEAVE_SIMULATION_PENDING_OBLIGATIONS
obligations=obligation.leave.payroll_effect,obligation.leave.benefits_recovery,obligation.leave.notice_and_evidence,obligation.leave.records_retention_hold
lifecycle=SIMULATED/NOT_PLANNED/NOT_STARTED/PENDING_OBSERVATION/PENDING
plan=08e72b8a8da45fafa22357a7e30c8b2122823f0d7f39ec2c96a9806dd4b385d5
digest=e45d6e44f55a9e1d8d8cbb6ccfb6d4292b5bda9d466d2b5df54b41576aad0078
